
> inversave@4.5 build
> next build

node.exe : ΓÜá Warning: Next.js inferred your workspace root, 
but it may not be correct.
At line:1 char:1
+ & "C:\Program Files\nodejs/node.exe" "C:\Program 
Files\nodejs/node_mo ...
+ ~~~~~~~~~~~~~~~~~~~~~~~~~~~~~~~~~~~~~~~~~~~~~~~~~~~~~~~~~~~~~
~~~~~~~~
    + CategoryInfo          : NotSpecified: (ΓÜá Warning: Ne.. 
   .not be correct.:String) [], RemoteException
    + FullyQualifiedErrorId : NativeCommandError
 
 We detected multiple lockfiles and selected the directory of 
C:\Users\USER\package-lock.json as the root directory.
 To silence this warning, set `turbopack.root` in your Next.js 
config, or consider removing one of the lockfiles if it's not 
needed.
   See https://nextjs.org/docs/app/api-reference/config/next-co
nfig-js/turbopack#root-directory for more information.
 Detected additional lockfiles: 
   * C:\Users\USER\Documents\app-downloader 
next\package-lock.json

Γû▓ Next.js 16.1.6 (Turbopack)
- Environments: .env.local, .env
- Experiments (use with caution):
  ┬╖ clientTraceMetadata

ΓÜá The "middleware" file convention is deprecated. Please use 
"proxy" instead. Learn more: 
https://nextjs.org/docs/messages/middleware-to-proxy
  Creating an optimized production build ...

> Build error occurred
Error: Turbopack build failed with 1 errors:
./Documents/app-downloader next/app/[lang]/layout.tsx:3:1
Module not found: Can't resolve './globals.css'
[0m [90m 1 |[39m [36mimport[39m type { [33mMetadata[39m 
} [36mfrom[39m [32m"next"[39m[33m;[39m
 [90m 2 |[39m [36mimport[39m { [33mPlus_Jakarta_Sans[39m 
} [36mfrom[39m [32m"next/font/google"[39m[33m;[39m
[31m[1m>[22m[39m[90m 3 |[39m [36mimport[39m 
[32m"./globals.css"[39m[33m;[39m
 [90m   |[39m [31m[1m^[22m[39m[31m[1m^[22m[39m[31m[
1m^[22m[39m[31m[1m^[22m[39m[31m[1m^[22m[39m[31m[1m^
[22m[39m[31m[1m^[22m[39m[31m[1m^[22m[39m[31m[1m^[2
2m[39m[31m[1m^[22m[39m[31m[1m^[22m[39m[31m[1m^[22m
[39m[31m[1m^[22m[39m[31m[1m^[22m[39m[31m[1m^[22m[39
m[31m[1m^[22m[39m[31m[1m^[22m[39m[31m[1m^[22m[39m[
31m[1m^[22m[39m[31m[1m^[22m[39m[31m[1m^[22m[39m[31m
[1m^[22m[39m[31m[1m^[22m[39m
 [90m 4 |[39m [36mimport[39m [33mNavbar[39m 
[36mfrom[39m [32m"@/components/Navbar"[39m[33m;[39m
 [90m 5 |[39m [36mimport[39m { [33mThemeProvider[39m } 
[36mfrom[39m 
[32m"@/components/ThemeProvider"[39m[33m;[39m
 [90m 6 |[39m [36mimport[39m [33mErrorBoundary[39m 
[36mfrom[39m 
[32m"@/components/ErrorBoundary"[39m[33m;[39m[0m



https://nextjs.org/docs/messages/module-not-found


    at <unknown> (./Documents/app-downloader 
next/app/[lang]/layout.tsx:3:1)
    at <unknown> 
(https://nextjs.org/docs/messages/module-not-found)
